// Jest Snapshot v1, https://goo.gl/fbAQLP

exports[`BooksByAuthor renders without crashing 1`] = `
<div
  className="booksByAuthorContainer"
>
  <div
    className="authorName"
  >
    <span>
      J K Rowling
    </span>
  </div>
  <div
    className="booksByAuthor"
  >
    <div
      className="book"
      style={
        Object {
          "backgroundImage": "url(cover_image.jpeg)",
        }
      }
    >
      <div
        className="imagePanel"
      />
      <div
        className="bookData"
      >
        <p
          className="bookName"
        >
          Harry Potter and the Deathly Hallows (Harry Potter, #7)
        </p>
        <span>
          4.6
          <button
            className="heartIcon"
            type="button"
          />
        </span>
      </div>
    </div>
    <div
      className="book"
      style={
        Object {
          "backgroundImage": "url(cover_image.jpeg)",
        }
      }
    >
      <div
        className="imagePanel"
      />
      <div
        className="bookData"
      >
        <p
          className="bookName"
        >
          Harry Potter and the Prisoner of Azkaban (Harry Potter, #3)
        </p>
        <span>
          4.5
          <button
            className="heartIcon"
            type="button"
          />
        </span>
      </div>
    </div>
    <div
      className="book"
      style={
        Object {
          "backgroundImage": "url(cover_image.jpeg)",
        }
      }
    >
      <div
        className="imagePanel"
      />
      <div
        className="bookData"
      >
        <p
          className="bookName"
        >
          Harry Potter and the Half-Blood Prince (Harry Potter, #6)
        </p>
        <span>
          4.5
          <button
            className="heartIcon"
            type="button"
          />
        </span>
      </div>
    </div>
  </div>
</div>
`;
