// Jest Snapshot v1, https://goo.gl/fbAQLP

exports[`App renders for loading page 1`] = `
<div
  className="app"
>
  <header
    onClick={[Function]}
    onKeyDown={[Function]}
    role="button"
    tabIndex={0}
  >
    <div
      className="headerLine"
    >
      <hr />
    </div>
    <div
      className="headerTitle"
    >
      <div
        className="circle"
      >
        BS
      </div>
      <div
        className="headerCaption"
      >
        The Book Shelf
      </div>
    </div>
    <div
      className="headerLine"
    >
      <hr />
    </div>
  </header>
  <div
    className="loadingStatus"
  >
    LOADING ...
  </div>
</div>
`;
